// Jest Snapshot v1, https://goo.gl/fbAQLP

exports[`Bike Detail should match 1`] = `
<div
  className="general-container"
>
  <div>
    <div
      className="standardaside"
    >
      <h3
        className="title"
      >
        Challenges
      </h3>
      <div
        className="standardaside__card"
      >
        <div>
          <div
            className="challenges__item"
          >
            <div
              className="item__title"
            >
              <img
                alt="trophy"
                className="title__img"
                src="https://image.flaticon.com/icons/svg/3112/3112946.svg"
              />
              - 
              BIrlfriend
               -
            </div>
            <p>
              Travel 5000km with a bike
            </p>
          </div>
          <div
            className="separator"
          />
        </div>
        <div>
          <div
            className="challenges__item"
          >
            <div
              className="item__title"
            >
              <img
                alt="trophy"
                className="title__img"
                src="https://image.flaticon.com/icons/svg/3112/3112946.svg"
              />
              - 
              CompoManiac
               -
            </div>
            <p>
              Change the same component 3 times
            </p>
          </div>
          <div
            className="separator"
          />
        </div>
      </div>
      <h3>
        Give Away
      </h3>
      <div
        className="standardaside__card"
      >
        <p>
          something free
        </p>
      </div>
    </div>
  </div>
  <div
    className="bike-detail"
  >
    <div
      className="bike-detail__upper mobile"
    >
      <a
        aria-current={null}
        href="/bikes"
        onClick={[Function]}
      >
        Back
      </a>
      <p
        className="upper__edit"
      >
        Edit
      </p>
    </div>
    <div
      className="bike-detail__head"
    >
      <h2 />
      <div
        className="separator"
      />
      <div
        className="bike-detail__km-hours"
      >
        <div
          className="km-hours km-hours__km"
        >
          <p
            className="km-hours__title"
          >
            Total KM
          </p>
          <div
            className="separator-small"
          />
          <p
            className="km__value"
          >
            NaN
          </p>
        </div>
        <div
          className="km-hours__hours km-hours"
        >
          <p
            className="km-hours__title"
          >
            Total Hours
          </p>
          <div
            className="separator-small"
          />
          <p
            className="km-hours__value"
          >
            NaN
          </p>
        </div>
        <button
          className="float__button"
        >
          + Workout
        </button>
      </div>
    </div>
    <div
      className="bike-detail__components"
    />
    <div
      className="bike-detail__details"
    >
      <div
        className="card-decoration"
      />
      <div
        className="details__content"
      >
        <img
          alt="bike type"
          className="details__type-img"
          src="https://image.flaticon.com/icons/svg/829/829906.svg"
        />
        <div
          className="details__info"
        >
          <p
            className="info__type"
          />
          <p>
            Unknown Brand
             -
             
            Unknown Model
          </p>
          <p>
            Driving Style: 
          </p>
        </div>
      </div>
    </div>
  </div>
</div>
`;
