// Jest Snapshot v1, https://goo.gl/fbAQLP

exports[`Standard Aside should match 1`] = `
<div
  className="standardaside"
>
  <div
    className="standardaside__card-container"
  >
    <h3
      className="title"
    >
      Challenges
    </h3>
    <div
      className="standardaside__card"
    >
      <div>
        <div
          className="challenges__item"
        >
          <div
            className="item__title"
          >
            <img
              alt="trophy"
              className="title__img"
              src="https://image.flaticon.com/icons/svg/3112/3112946.svg"
            />
            - 
            BIrlfriend
             -
          </div>
          <p>
            Travel 5000km with a bike
          </p>
        </div>
        <div
          className="separator"
        />
      </div>
      <div>
        <div
          className="challenges__item"
        >
          <div
            className="item__title"
          >
            <img
              alt="trophy"
              className="title__img"
              src="https://image.flaticon.com/icons/svg/3112/3112946.svg"
            />
            - 
            CompoManiac
             -
          </div>
          <p>
            Change the same component 3 times
          </p>
        </div>
        <div
          className="separator"
        />
      </div>
    </div>
  </div>
  <div
    className="standardaside__card-container"
  >
    <h3
      className="title"
    >
      Give Away
    </h3>
    <div
      className="standardaside__card"
    >
      <p>
        something free
      </p>
    </div>
  </div>
</div>
`;
